Science-experiment release validation passed: 16 projects, 8,000 manifest records, orbital systems scene, deterministic science math and protected experience exclusions.
(node:24456) [MODULE_TYPELESS_PACKAGE_JSON] Warning: Module type of file:///C:/Users/joshp/Documents/engineering-portfolio/qubit-preview-20260921/qubit.js?test=1790524441512 is not specified and it doesn't parse as CommonJS.
Reparsing as ES module because module syntax was detected. This incurs a performance overhead.
To eliminate this warning, add "type": "module" to \\?\C:\Users\joshp\Documents\engineering-portfolio\package.json.
(Use `node --trace-warnings ...` to show where the warning was created)
(node:11952) [MODULE_TYPELESS_PACKAGE_JSON] Warning: Module type of file:///C:/Users/joshp/Documents/engineering-portfolio/games/3d-battle-chess/engine.js is not specified and it doesn't parse as CommonJS.
Reparsing as ES module because module syntax was detected. This incurs a performance overhead.
To eliminate this warning, add "type": "module" to \\?\C:\Users\joshp\Documents\engineering-portfolio\package.json.
(Use `node --trace-warnings ...` to show where the warning was created)
PASS chess rules: perft 20/400/8902, mate, castling, en passant, promotion, pins, draws, undo and all AI levels.
Creating full backup: C:\Users\joshp\AppData\Local\Temp\tmpognmj654\public_html-before-20260927-085404-840114.tar.gz
Verification failed. Previous files restored.
Creating full backup: C:\Users\joshp\AppData\Local\Temp\tmpb9_ymz7n\public_html-before-20260927-085406-053154.tar.gz
Verification failed. Previous files restored.
Creating full backup: C:\Users\joshp\AppData\Local\Temp\tmphb927ndc\public_html-before-20260927-085406-320516.tar.gz
Installed and verified 57 files. Games, Geometry Lab calculation modules and fusion video are unchanged; the lab theme shell is updated.
Creating full backup: C:\Users\joshp\AppData\Local\Temp\tmpnqf24e7x\public_html-before-20260927-085406-907890.tar.gz
Installed and verified 57 files. Games, Geometry Lab calculation modules and fusion video are unchanged; the lab theme shell is updated.
.....s........
----------------------------------------------------------------------
Ran 14 tests in 4.408s

OK (skipped=1)
