CHECKED about.html
CHECKED agent-workbench.html
CHECKED ai-development.html
CHECKED direction.html
CHECKED engine-development.html
CHECKED expertise-experience.html
CHECKED game-development.html
CHECKED games/3d-battle-chess/index.html
CHECKED games/battle-chess/index.html
CHECKED games/evil-wizard/console.html
CHECKED games/evil-wizard/index.html
CHECKED games/evil-wizard/play.html
CHECKED geometric-lab/index.html
CHECKED index.html
CHECKED learn-advanced.html
CHECKED learn-browse.html
CHECKED learn-capstones.html
CHECKED learn-cloud.html
CHECKED learn-cyber.html
CHECKED learn-glossary.html
CHECKED learn-labs.html
CHECKED learn-leadership.html
CHECKED learn-map.html
CHECKED learn-mastery.html
CHECKED learn-math.html
CHECKED learn-paths.html
CHECKED learn-physics.html
CHECKED learn-practice.html
CHECKED learn-software.html
CHECKED learn-verify.html
CHECKED learn.html
CHECKED lesson.html
CHECKED play-evil-wizard.html
CHECKED project-advanced-computing.html
CHECKED project-asset-inventory.html
CHECKED project-battle-chess.html
CHECKED project-dependency.html
CHECKED project-emergent.html
CHECKED project-fusion.html
CHECKED project-geometric-ai.html
CHECKED project-kubernetes-lab.html
CHECKED project-learning-library.html
CHECKED project-lifecycle.html
CHECKED project-mind.html
CHECKED project-portfolio.html
CHECKED project-qpe.html
CHECKED project-qubit.html
CHECKED project-recovery.html
CHECKED projects.html
CHECKED qubit-preview-20260921/index.html
CHECKED resume.html
ZOOM 0.8
ZOOM 0.9
ZOOM 1
ZOOM 1.1
ZOOM 1.25
ZOOM 1.5
ZOOM 2
PASS responsive matrix, continuous resize, solar paint bounds, header controls, hero parity and learning ladder.
