npm warn Unknown env config "http-proxy". This will stop working in the next major version of npm.

> engineering-portfolio@1.0.0 test:responsive
> node tests/responsive.test.cjs

CHECKED ai-computer-vision.html
CHECKED ai-development.html
CHECKED index.html
CHECKED learn-browse.html
CHECKED learn.html
CHECKED lesson.html
CHECKED play-evil-wizard.html
CHECKED project-battle-chess.html
CHECKED projects.html
CHECKED security-research.html
AssertionError [ERR_ASSERTION]: Native browser zoom must actually apply
    at /workspace/scratch/c0e1d8cfed43/engineering-portfolio/tests/responsive.test.cjs:23:1012 {
  generatedMessage: false,
  code: 'ERR_ASSERTION',
  actual: false,
  expected: true,
  operator: '==',
  diff: 'simple'
}
